---
source: tests/golden-master.rs
expression: result
---
- name: +5 Dexterity Vest
  sell_in: 8
  quality: 18
- name: Aged Brie
  sell_in: 0
  quality: 2
- name: Elixir of the Mongoose
  sell_in: 3
  quality: 5
- name: "Sulfuras, Hand of Ragnaros"
  sell_in: 0
  quality: 80
- name: "Sulfuras, Hand of Ragnaros"
  sell_in: -1
  quality: 80
- name: Backstage passes to a TAFKAL80ETC concert
  sell_in: 13
  quality: 22
- name: Backstage passes to a TAFKAL80ETC concert
  sell_in: 8
  quality: 50
- name: Backstage passes to a TAFKAL80ETC concert
  sell_in: 3
  quality: 50
- name: Conjured Mana Cake
  sell_in: 1
  quality: 2

